// Vitest Snapshot v1, https://vitest.dev/guide/snapshot.html

exports[`/api/visit-schedules > lists visit schedules with workload and facility hints 1`] = `
{
  "data": [
    {
      "applied_override": null,
      "assignment_mode": "fallback",
      "carry_items_status": "ready",
      "case_": {
        "patient": {
          "id": "patient_1",
          "name": "患者A",
          "residences": [
            {
              "address": "施設A",
              "building_id": "facility_1",
            },
          ],
        },
      },
      "confirmed_at": "2026-03-29T09:00:00.000Z",
      "cycle": {
        "overall_status": "visit_ready",
      },
      "facility_batch": null,
      "facility_batch_id": null,
      "facility_hint": null,
      "handoff_hint": {
        "summary": "代替担当での訪問です / 訪問準備が未完了です",
      },
      "id": "schedule_1",
      "org_id": "org_1",
      "override_request": null,
      "patient_summary": {
        "archive": {
          "archived": true,
          "archived_at": "2026-03-01T00:00:00.000Z",
          "status": "archived",
        },
        "insurance": {
          "current": [
            {
              "copay_label": "30%",
              "expires_soon": false,
              "insurance_type": "医療",
              "period_label": "2020-01-01 - 2099-12-31",
              "status_label": "確定済み",
            },
          ],
          "current_count": 1,
          "expires_soon_count": 0,
          "missing": false,
        },
        "name": "患者A",
        "patient_id": "patient_1",
        "safety": {
          "allergy_label": "アレルギーあり",
          "critical_lab_count": 1,
          "has_allergy": true,
          "lab_flags": [
            {
              "abnormal": true,
              "abnormal_flag": "L",
              "analyte_code": "egfr",
              "analyte_label": "eGFR",
              "measured_at": "2026-03-20",
              "stale": true,
              "value_label": "29 mL/min/1.73m2",
            },
          ],
          "stale_lab_count": 1,
        },
      },
      "pharmacist_id": "user_2",
      "preparation": null,
      "priority": "urgent",
      "route_order": 2,
      "schedule_status": "ready",
      "scheduled_date": "2026-03-30T00:00:00.000Z",
      "site": {
        "address": "東京都",
        "id": "site_1",
        "lat": 35,
        "lng": 139,
        "name": "本店",
      },
      "time_window_end": "1970-01-01T10:00:00.000Z",
      "time_window_start": "1970-01-01T09:00:00.000Z",
      "vehicle_resource": {
        "id": "vehicle_1",
        "label": "社用車A",
        "max_route_duration_minutes": 240,
        "max_stops": 8,
        "travel_mode": "DRIVE",
      },
      "visit_record": null,
      "workload_hint": {
        "daily_visit_count": 1,
        "urgent_visit_count": 1,
      },
    },
  ],
  "hasMore": false,
}
`;
