// Vitest Snapshot v1, https://vitest.dev/guide/snapshot.html

exports[`/api/dashboard/workflow GET > returns unified workflow/workbench data 1`] = `
{
  "data": {
    "after_hours_readiness": {
      "emergency_capable_shift_count": 1,
      "holiday_gap_count": 1,
      "holiday_gaps": [
        {
          "date": "2026-03-29T00:00:00.000Z",
          "id": "holiday_1",
          "name": "棚卸休業",
          "site_id": "site_1",
        },
      ],
    },
    "billing_prevention": {
      "previsit_blockers": 2,
      "report_delivery_backlog": 1,
      "review_tasks": 3,
    },
    "communication_queue": {
      "items": [
        {
          "action_href": "/external",
          "action_label": "自己申告を確認",
          "channel": "patient_portal",
          "due_at": "2026-03-26T01:00:00.000Z",
          "id": "queue_1",
          "patient_name": "山田 花子",
          "priority": "urgent",
          "queue_type": "self_report",
          "status": "submitted",
          "summary": "飲み忘れが増えています",
          "title": "山田 花子 の自己申告",
        },
      ],
      "summary": {
        "callback_followups": 1,
        "delivery_backlog": 1,
        "expiring_external_shares": 0,
        "open_requests": 1,
        "overdue_count": 1,
        "pending_count": 2,
        "self_reports": 1,
      },
    },
    "communication_requests": {
      "overdue": 1,
      "pending": 4,
    },
    "conference_follow_ups": {
      "pending_tasks": 3,
      "undelivered_reports": 0,
    },
    "cycle_status_counts": {
      "dispensing": 1,
      "visit_completed": 2,
    },
    "delivery": {
      "failures": 2,
    },
    "exception_command_center": [
      {
        "action_href": "/workflow?focus=exceptions",
        "action_label": "例外を確認",
        "created_at": "2026-03-25T08:00:00.000Z",
        "description": "薬剤残数が不足しています",
        "id": "exception_1",
        "patient_name": "山田 花子",
        "severity": "warning",
        "title": "medication_gap",
        "type": "workflow_exception",
      },
      {
        "action_href": "/workflow?focus=exceptions",
        "action_label": "期限超過を確認",
        "created_at": null,
        "description": "2件の訪問が期限を超えています。",
        "id": "aggregate:overdue_visits",
        "patient_name": null,
        "severity": "high",
        "title": "訪問期限超過",
        "type": "overdue_visit",
      },
      {
        "action_href": "/reports?focus=delivery&delivery_status=response_waiting",
        "action_label": "報告待ちを確認",
        "created_at": null,
        "description": "5件が訪問後報告の送信待ちです。",
        "id": "aggregate:awaiting_reports",
        "patient_name": null,
        "severity": "normal",
        "title": "訪問後の報告待ち",
        "type": "report_backlog",
      },
      {
        "action_href": "/external?focus=self_reports",
        "action_label": "セルフレポートを確認",
        "created_at": null,
        "description": "1件が triage 待ちです。",
        "id": "aggregate:self_report_triage",
        "patient_name": null,
        "severity": "high",
        "title": "患者・家族セルフレポート",
        "type": "self_report_triage",
      },
    ],
    "facility_visibility": {
      "clusters": [
        {
          "date": "2026-03-27T00:00:00.000Z",
          "id": "2026-03-27:site_1:user_1:facility_a",
          "label": "facility_a",
          "patient_count": 2,
          "patient_names": [
            "山田 太郎",
            "山田 花子",
          ],
          "pharmacist_name": "田中 薬剤師",
          "route_window": "1-2",
          "site_name": "本店",
        },
      ],
    },
    "home_care_feature_summary": {
      "features": [],
      "totals": {
        "attention": 0,
        "blocked": 0,
        "monitoring": 0,
        "ready": 0,
      },
    },
    "inquiry_workbench": [],
    "intake_linkage": [
      {
        "action_href": "/prescriptions/intake_1",
        "action_label": "訪問導線を作成",
        "category": "リフィル",
        "due_at": "2026-03-30T00:00:00.000Z",
        "id": "intake_1",
        "patient_name": "山田 太郎",
        "reason": "リフィル予定日に向けた訪問候補または架電導線が未作成です。",
      },
    ],
    "inventory_readiness": {
      "blocked": 0,
      "partial": 0,
    },
    "operations_queue": {
      "callback_followups": 1,
      "geocode_reviews": 0,
      "intake_linkages": 1,
      "management_plan_reviews": 0,
      "preparation_pending": 0,
      "self_reports_triage": 1,
      "visit_demands": 2,
    },
    "outcome_metrics": {
      "awaiting_reports": 5,
      "completed_last_7_days": 1,
      "disrupted_last_7_days": 1,
      "open_exceptions": 3,
      "urgent_completed_last_7_days": 1,
    },
    "patient_risk_queue": {
      "high_risk_count": 1,
      "items": [
        {
          "disrupted_visits_30d": 0,
          "level": "high",
          "missing_management_plan": false,
          "missing_visit_consent": false,
          "open_issues": 0,
          "open_tasks": 1,
          "patient_id": "patient_2",
          "patient_name": "山田 花子",
          "pending_reports": 1,
          "reasons": [
            "患者・家族から 1 件の自己申告があります",
          ],
          "score": 7,
          "unresolved_self_reports": 1,
        },
      ],
    },
    "refill_upcoming": [
      {
        "case_id": "case_1",
        "cycle": {
          "case_": {
            "id": "case_1",
            "patient": {
              "id": "patient_1",
              "name": "山田 太郎",
            },
            "primary_pharmacist_id": "user_1",
          },
          "case_id": "case_1",
          "id": "cycle_1",
          "patient_id": "patient_1",
          "visit_schedule_proposals": [],
          "visit_schedules": [],
        },
        "cycle_id": "cycle_1",
        "has_existing_route": false,
        "id": "intake_1",
        "next_dispense_date": "2026-03-30T00:00:00.000Z",
        "prescribed_date": "2026-03-20T00:00:00.000Z",
        "prescription_expiry_date": null,
        "refill_next_dispense_date": "2026-03-30T00:00:00.000Z",
        "refill_remaining_count": 2,
        "remaining_count": 2,
        "source_type": "refill",
        "split_dispense_current": null,
        "split_dispense_total": null,
        "split_next_dispense_date": null,
        "suggested_start_date": "2026-03-30T00:00:00.000Z",
        "upcoming_kind": "refill",
      },
    ],
    "regional_pipeline": {
      "conference_action_items": 0,
      "follow_up_activities": 1,
      "intake_cases": 2,
      "top_followups": [
        {
          "activity_date": "2026-03-25T00:00:00.000Z",
          "activity_type": "conference",
          "id": "community_1",
          "partner_name": "地域包括支援センター",
          "referrals_generated": 1,
          "title": "地域ケア会議",
        },
      ],
    },
    "remediation_guidance": [
      {
        "action_href": "/patients?readiness_issue=missing_visit_consent",
        "action_label": "患者一覧で確認",
        "count": 1,
        "description": "訪問薬剤管理指導の有効同意がないため、候補生成と確定を進められません。",
        "id": "missing_visit_consent",
        "severity": "urgent",
        "title": "訪問同意の取得が必要です",
      },
      {
        "action_href": "/patients?readiness_issue=missing_management_plan",
        "action_label": "患者一覧で確認",
        "count": 1,
        "description": "承認済み管理計画書がないため、訪問業務フローを開始できません。",
        "id": "missing_management_plan",
        "severity": "high",
        "title": "管理計画書の承認が必要です",
      },
      {
        "action_href": "/patients?readiness_issue=missing_first_visit_doc",
        "action_label": "患者一覧で確認",
        "count": 1,
        "description": "初回訪問文書が未交付のケースがあります。交付日時と文書控えを確認してください。",
        "id": "missing_first_visit_doc",
        "severity": "high",
        "title": "初回訪問文書の交付確認が必要です",
      },
      {
        "action_href": "/patients?readiness_issue=missing_emergency_contact",
        "action_label": "患者一覧で確認",
        "count": 1,
        "description": "緊急連絡先が不足しているため、初回訪問文書や緊急連携の運用が不完全です。",
        "id": "missing_emergency_contact",
        "severity": "high",
        "title": "緊急連絡先の整備が必要です",
      },
      {
        "action_href": "/patients?readiness_issue=missing_primary_physician",
        "action_label": "患者一覧で確認",
        "count": 1,
        "description": "主治医が未登録のケースがあります。初回訪問判断、疑義照会、報告導線が不完全です。",
        "id": "missing_primary_physician",
        "severity": "high",
        "title": "主治医連携の登録が必要です",
      },
      {
        "action_href": "/tasks?status=&task_type=visit_intake_linkage",
        "action_label": "未接続の処方を確認",
        "count": 1,
        "description": "受付済み処方が訪問候補・架電・確定フローへ接続されていません。",
        "id": "visit_intake_linkage",
        "severity": "high",
        "title": "処方受付から訪問導線への接続が必要です",
      },
      {
        "action_href": "/external?focus=self_reports",
        "action_label": "セルフレポートを確認",
        "count": 1,
        "description": "患者または家族からの申告が triage 待ちまたは triage 中です。",
        "id": "self_report_triage",
        "severity": "high",
        "title": "患者・家族セルフレポートの確認が必要です",
      },
    ],
    "role_inboxes": {
      "buckets": [
        {
          "action_href": "/workflow?focus=workbench",
          "communication_items": 2,
          "label": "薬剤師 inbox",
          "open_items": 7,
          "role": "pharmacist",
          "urgent_items": 1,
        },
        {
          "action_href": "/external",
          "communication_items": 1,
          "label": "事務 inbox",
          "open_items": 5,
          "role": "clerk",
          "urgent_items": 2,
        },
        {
          "action_href": "/admin/realtime",
          "communication_items": 1,
          "label": "管理 inbox",
          "open_items": 4,
          "role": "admin",
          "urgent_items": 2,
        },
      ],
      "current_role": "clerk",
    },
    "route_control": {
      "emergency_impact_items": 0,
      "locked_schedules": 0,
      "pending_override_requests": 1,
    },
    "route_operations": {
      "emergency_candidates": 0,
      "fallback_assignments": 1,
      "locked_confirmed_visits": 0,
      "override_pending": 1,
    },
    "self_reports": [
      {
        "category": "服薬状況",
        "created_at": "2026-03-26T01:00:00.000Z",
        "id": "report_1",
        "patient_name": "山田 花子",
        "preferred_contact_time": "午後",
        "relation": "娘",
        "reported_by_name": "家族A",
        "requested_callback": true,
        "status": "submitted",
        "subject": "飲み忘れが増えています",
      },
    ],
    "unified_workbench": [
      {
        "action_href": "/external?focus=self_reports",
        "action_label": "triage を進める",
        "badges": [
          "submitted",
          "服薬状況",
          "折返し希望",
        ],
        "due_at": "2026-03-26T01:00:00.000Z",
        "id": "self-report:report_1",
        "item_type": "self_report",
        "owner_name": null,
        "patient_name": "山田 花子",
        "priority": "urgent",
        "queue_label": "セルフレポート",
        "summary": "飲み忘れが増えています / 家族A (娘)",
        "title": "山田 花子 から申告があります",
      },
      {
        "action_href": "/patients/patient_1/prescriptions",
        "action_label": "原本回収を記録",
        "badges": [
          "visit_preparation",
          "pending",
        ],
        "due_at": "2026-03-27T00:00:00.000Z",
        "id": "task:task_1",
        "item_type": "task",
        "owner_name": "田中 薬剤師",
        "patient_name": "山田 太郎",
        "priority": "high",
        "queue_label": "訪問準備",
        "summary": "明日の訪問準備を完了してください。",
        "title": "訪問準備が未完了です",
      },
      {
        "action_href": "/schedules?focus=schedule&schedule_id=schedule_1",
        "action_label": "訪問予定を確認",
        "badges": [
          "planned",
          "primary",
        ],
        "due_at": "2026-03-27T00:00:00.000Z",
        "id": "visit:schedule_1",
        "item_type": "visit",
        "owner_name": "田中 薬剤師",
        "patient_name": "山田 太郎",
        "priority": "high",
        "queue_label": "訪問準備",
        "summary": "薬歴確認 / 前回課題確認 / 同期確認",
        "title": "山田 太郎 の訪問前対応",
      },
      {
        "action_href": "/schedules?focus=schedule&schedule_id=schedule_2",
        "action_label": "訪問予定を確認",
        "badges": [
          "ready",
          "fallback",
        ],
        "due_at": "2026-03-27T00:00:00.000Z",
        "id": "visit:schedule_2",
        "item_type": "visit",
        "owner_name": "田中 薬剤師",
        "patient_name": "山田 花子",
        "priority": "high",
        "queue_label": "引継ぎ",
        "summary": "引継ぎ確認 / 変更承認待ち",
        "title": "山田 花子 の訪問前対応",
      },
      {
        "action_href": "/schedules/proposals?detail=proposal_1",
        "action_label": "架電を記録",
        "badges": [
          "patient_contact_pending",
          "attempted",
        ],
        "due_at": "2026-03-28T00:00:00.000Z",
        "id": "proposal:proposal_1",
        "item_type": "proposal",
        "owner_name": "田中 薬剤師",
        "patient_name": "山田 太郎",
        "priority": "high",
        "queue_label": "架電",
        "summary": "服薬最終日より前に配置",
        "title": "山田 太郎 の訪問候補を進めてください",
      },
      {
        "action_href": "/tasks?status=&task_type=visit_intake_linkage",
        "action_label": "未接続の処方を確認",
        "badges": [
          "visit_intake_linkage",
        ],
        "due_at": "2026-03-30T00:00:00.000Z",
        "id": "aggregate:intake_linkage",
        "item_type": "aggregate",
        "owner_name": null,
        "patient_name": null,
        "priority": "high",
        "queue_label": "処方受付",
        "summary": "1件の処方が候補生成または架電フローへ未接続です。",
        "title": "訪問導線に未接続の処方受付があります",
      },
      {
        "action_href": "/reports?focus=delivery&delivery_status=response_waiting",
        "action_label": "報告待ちを確認",
        "badges": [
          "visit_completed",
        ],
        "due_at": null,
        "id": "aggregate:awaiting_reports",
        "item_type": "aggregate",
        "owner_name": null,
        "patient_name": null,
        "priority": "normal",
        "queue_label": "報告",
        "summary": "5件の訪問サイクルが報告送信待ちです。",
        "title": "訪問後の報告待ちがあります",
      },
    ],
    "visit_operations": {
      "awaiting_reports": 5,
      "missing_emergency_contact": 1,
      "missing_first_visit_doc": 1,
      "missing_management_plan": 1,
      "missing_primary_physician": 1,
      "missing_visit_consent": 1,
      "overdue": 2,
    },
    "workflow_exceptions": {
      "items": [
        {
          "created_at": "2026-03-25T08:00:00.000Z",
          "description": "薬剤残数が不足しています",
          "exception_type": "medication_gap",
          "id": "exception_1",
          "patient_name": "山田 花子",
          "severity": "warning",
        },
      ],
      "open": 3,
    },
    "workload_metrics": {
      "pharmacists": [
        {
          "callback_followups": 0,
          "confirmed_visits": 2,
          "facility_clusters": 1,
          "pending_tasks": 1,
          "pharmacist_id": "user_1",
          "pharmacist_name": "田中 薬剤師",
          "urgent_items": 1,
        },
      ],
    },
  },
}
`;
